// Jest Snapshot v1, https://goo.gl/fbAQLP

exports[`Header testing Header rendering was successful 1`] = `<Header />`;
